# Baseline for tests/issues.rs #[ignore = "..."] entries.
# One `<test_name>\t<reason>` pair per line, sorted by test_name.
# Updated by tests/doc_hygiene.rs::ignored_tests_baseline_is_current
# whenever the set drifts.  A drift typically means one of:
#   - an ignored test just got its fix landed (un-ignore it + delete its line here)
#   - a new ignored spec landed for a new QUALITY.md item (add its line here)
#   - the reason message changed (update the line here)
# Regenerate with: `python3 tests/dump_ignored_tests.py > tests/ignored_tests.baseline`
p151_forward_ref_struct_call_with_mutation	P151 open — forward-ref struct call + field mutation breaks type inference
regen_fill_rs	maintenance: regenerates src/fill.rs — run manually when default/*.loft changes
